{'step': 'build pairs', 's': 13.6, 'peak_rss_mb': 6573, 'train': 199849, 'eval_scope': 1407446}
{'step': 'load texts', 's': 0.4, 'peak_rss_mb': 6573}
Warning: You are sending unauthenticated requests to the HF Hub. Please set a HF_TOKEN to enable higher rate limits and faster downloads.
Loading weights:   0%|          | 0/105 [00:00<?, ?it/s]Loading weights: 100%|██████████| 105/105 [00:00<00:00, 8838.44it/s]
{'loss': '0.7146', 'grad_norm': '4.525', 'learning_rate': '1.994e-05', 'epoch': '0.0999'}
{'loss': '0.3146', 'grad_norm': '3.543', 'learning_rate': '1.779e-05', 'epoch': '0.1998'}
{'loss': '0.2598', 'grad_norm': '3.267', 'learning_rate': '1.557e-05', 'epoch': '0.2997'}
{'loss': '0.2388', 'grad_norm': '3.733', 'learning_rate': '1.335e-05', 'epoch': '0.3996'}
{'loss': '0.2252', 'grad_norm': '3.04', 'learning_rate': '1.113e-05', 'epoch': '0.4995'}
{'loss': '0.2186', 'grad_norm': '3.026', 'learning_rate': '8.908e-06', 'epoch': '0.5994'}
{'loss': '0.2158', 'grad_norm': '2.08', 'learning_rate': '6.688e-06', 'epoch': '0.6993'}
{'loss': '0.2032', 'grad_norm': '2.525', 'learning_rate': '4.468e-06', 'epoch': '0.7992'}
{'loss': '0.2145', 'grad_norm': '1.841', 'learning_rate': '2.248e-06', 'epoch': '0.8991'}
{'loss': '0.2015', 'grad_norm': '3.397', 'learning_rate': '2.846e-08', 'epoch': '0.999'}
{'train_runtime': '428.2', 'train_samples_per_second': '466.8', 'train_steps_per_second': '7.294', 'train_loss': '0.2805', 'epoch': '1'}
{'step': 'fine-tune', 's': 438.6, 'peak_rss_mb': 6573, 'pairs': 199849, 'secs': 428.3, 'pairs_per_s': 466.7, 'device': 'mps'}
Writing model shards:   0%|          | 0/1 [00:00<?, ?it/s]Writing model shards: 100%|██████████| 1/1 [00:00<00:00, 28.98it/s]
{'step': 'score eval', 's': 762.8, 'peak_rss_mb': 6573, 'pairs': 1407446, 'secs': 762.5, 'pairs_per_s': 1845.9}
{'step': 'AUC', 's': 0.4, 'peak_rss_mb': 6573, 'auc_ce': 0.9843375633813548, 'auc_ce_band': 0.816491109532945, 'auc_p_td': 0.9958656253809781, 'auc_p_td_band': 0.723085521656979}
{'step': 'macro F0.5', 's': 14.3, 'peak_rss_mb': 6573, 'f05_p_td': 0.9763882396739157, 'f05_p_new': 0.9794047476764651}
wrote docs/ce_probe.md, models/ce_probe/ (peak RSS 6573 MB)
